{
  "resourceLogs":[
    {
      "resource":{
        "attributes":[
          {
            "key":"cloud.account.id",
            "value":{
              "stringValue":"1234567890"
            }
          },
          {
            "key":"aws.cloudwatch.log_group_name",
            "value":{
              "stringValue":"vpc-flow-logs"
            }
          },
          {
            "key":"aws.cloudwatch.log_stream_name",
            "value":{
              "stringValue":"test-log-stream"
            }
          }
        ]
      },
      "scopeLogs":[
        {
          "scope":{

          },
          "logRecords":[
            {
              "timeUnixNano":"1646096348000000000",
              "body":{
                "stringValue":"REJECT"
              },
              "traceId":"",
              "spanId":""
            }
          ]
        }
      ]
    },
    {
      "resource":{
        "attributes":[
          {
            "key":"cloud.account.id",
            "value":{
              "stringValue":"1234567890"
            }
          },
          {
            "key":"aws.cloudwatch.log_group_name",
            "value":{
              "stringValue":"vpc-flow-logs"
            }
          },
          {
            "key":"aws.cloudwatch.log_stream_name",
            "value":{
              "stringValue":"test-log-stream-2"
            }
          }
        ]
      },
      "scopeLogs":[
        {
          "scope":{

          },
          "logRecords":[
            {
              "timeUnixNano":"1646096348000000000",
              "body":{
                "stringValue":"REJECT"
              },
              "traceId":"",
              "spanId":""
            },
            {
              "timeUnixNano":"1725544035523000000",
              "body":{
                "stringValue":"Hello world!"
              },
              "traceId":"",
              "spanId":""
            }
          ]
        }
      ]
    }
  ]
}