resourceLogs:
  - resource: {}
    scopeLogs:
      - logRecords:
          - attributes:
              - key: k8s.resource.name
                value:
                  stringValue: namespaces
              - key: k8s.namespace.name
                value:
                  stringValue: default
            body:
              kvlistValue:
                values:
                  - key: metadata
                    value:
                      kvlistValue:
                        values:
                          - key: creationTimestamp
                            value:
                              stringValue: "2000-01-01T00:00:00Z"
                          - key: labels
                            value:
                              kvlistValue:
                                values:
                                  - key: kubernetes.io/metadata.name
                                    value:
                                      stringValue: default
                          - key: managedFields
                            value:
                              arrayValue:
                                values:
                                  - kvlistValue:
                                      values:
                                        - key: fieldsV1
                                          value:
                                            kvlistValue:
                                              values:
                                                - key: f:metadata
                                                  value:
                                                    kvlistValue:
                                                      values:
                                                        - key: f:labels
                                                          value:
                                                            kvlistValue:
                                                              values:
                                                                - key: f:kubernetes.io/metadata.name
                                                                  value:
                                                                    kvlistValue: {}
                                                                - key: .
                                                                  value:
                                                                    kvlistValue: {}
                                        - key: manager
                                          value:
                                            stringValue: ""
                                        - key: operation
                                          value:
                                            stringValue: Update
                                        - key: apiVersion
                                          value:
                                            stringValue: v1
                                        - key: time
                                          value:
                                            stringValue: "2000-01-01T00:00:00Z"
                                        - key: fieldsType
                                          value:
                                            stringValue: FieldsV1
                          - key: name
                            value:
                              stringValue: default
                          - key: uid
                            value:
                              stringValue: "12345"
                          - key: resourceVersion
                            value:
                              stringValue: "12345"
                  - key: spec
                    value:
                      kvlistValue:
                        values:
                          - key: finalizers
                            value:
                              arrayValue:
                                values:
                                  - stringValue: kubernetes
                  - key: status
                    value:
                      kvlistValue:
                        values:
                          - key: phase
                            value:
                              stringValue: Active
                  - key: kind
                    value:
                      stringValue: Namespace
                  - key: apiVersion
                    value:
                      stringValue: v1
            observedTimeUnixNano: "1731933830384334229"
            spanId: ""
            traceId: ""
          - attributes:
              - key: k8s.resource.name
                value:
                  stringValue: namespaces
              - key: k8s.namespace.name
                value:
                  stringValue: kube-node-lease
            body:
              kvlistValue:
                values:
                  - key: kind
                    value:
                      stringValue: Namespace
                  - key: apiVersion
                    value:
                      stringValue: v1
                  - key: metadata
                    value:
                      kvlistValue:
                        values:
                          - key: creationTimestamp
                            value:
                              stringValue: "2000-01-01T00:00:00Z"
                          - key: labels
                            value:
                              kvlistValue:
                                values:
                                  - key: kubernetes.io/metadata.name
                                    value:
                                      stringValue: kube-node-lease
                          - key: managedFields
                            value:
                              arrayValue:
                                values:
                                  - kvlistValue:
                                      values:
                                        - key: time
                                          value:
                                            stringValue: "2000-01-01T00:00:00Z"
                                        - key: fieldsType
                                          value:
                                            stringValue: FieldsV1
                                        - key: fieldsV1
                                          value:
                                            kvlistValue:
                                              values:
                                                - key: f:metadata
                                                  value:
                                                    kvlistValue:
                                                      values:
                                                        - key: f:labels
                                                          value:
                                                            kvlistValue:
                                                              values:
                                                                - key: .
                                                                  value:
                                                                    kvlistValue: {}
                                                                - key: f:kubernetes.io/metadata.name
                                                                  value:
                                                                    kvlistValue: {}
                                        - key: manager
                                          value:
                                            stringValue: ""
                                        - key: operation
                                          value:
                                            stringValue: Update
                                        - key: apiVersion
                                          value:
                                            stringValue: v1
                          - key: name
                            value:
                              stringValue: kube-node-lease
                          - key: uid
                            value:
                              stringValue: "12345"
                          - key: resourceVersion
                            value:
                              stringValue: "12345"
                  - key: spec
                    value:
                      kvlistValue:
                        values:
                          - key: finalizers
                            value:
                              arrayValue:
                                values:
                                  - stringValue: kubernetes
                  - key: status
                    value:
                      kvlistValue:
                        values:
                          - key: phase
                            value:
                              stringValue: Active
            observedTimeUnixNano: "1731933830384334229"
            spanId: ""
            traceId: ""
          - attributes:
              - key: k8s.resource.name
                value:
                  stringValue: namespaces
              - key: k8s.namespace.name
                value:
                  stringValue: kube-public
            body:
              kvlistValue:
                values:
                  - key: spec
                    value:
                      kvlistValue:
                        values:
                          - key: finalizers
                            value:
                              arrayValue:
                                values:
                                  - stringValue: kubernetes
                  - key: status
                    value:
                      kvlistValue:
                        values:
                          - key: phase
                            value:
                              stringValue: Active
                  - key: kind
                    value:
                      stringValue: Namespace
                  - key: apiVersion
                    value:
                      stringValue: v1
                  - key: metadata
                    value:
                      kvlistValue:
                        values:
                          - key: name
                            value:
                              stringValue: kube-public
                          - key: uid
                            value:
                              stringValue: "12345"
                          - key: resourceVersion
                            value:
                              stringValue: "12345"
                          - key: creationTimestamp
                            value:
                              stringValue: "2000-01-01T00:00:00Z"
                          - key: labels
                            value:
                              kvlistValue:
                                values:
                                  - key: kubernetes.io/metadata.name
                                    value:
                                      stringValue: kube-public
                          - key: managedFields
                            value:
                              arrayValue:
                                values:
                                  - kvlistValue:
                                      values:
                                        - key: fieldsV1
                                          value:
                                            kvlistValue:
                                              values:
                                                - key: f:metadata
                                                  value:
                                                    kvlistValue:
                                                      values:
                                                        - key: f:labels
                                                          value:
                                                            kvlistValue:
                                                              values:
                                                                - key: .
                                                                  value:
                                                                    kvlistValue: {}
                                                                - key: f:kubernetes.io/metadata.name
                                                                  value:
                                                                    kvlistValue: {}
                                        - key: manager
                                          value:
                                            stringValue: ""
                                        - key: operation
                                          value:
                                            stringValue: Update
                                        - key: apiVersion
                                          value:
                                            stringValue: v1
                                        - key: time
                                          value:
                                            stringValue: "2000-01-01T00:00:00Z"
                                        - key: fieldsType
                                          value:
                                            stringValue: FieldsV1
            observedTimeUnixNano: "1731933830384334229"
            spanId: ""
            traceId: ""
          - attributes:
              - key: k8s.resource.name
                value:
                  stringValue: namespaces
              - key: k8s.namespace.name
                value:
                  stringValue: kube-system
            body:
              kvlistValue:
                values:
                  - key: apiVersion
                    value:
                      stringValue: v1
                  - key: metadata
                    value:
                      kvlistValue:
                        values:
                          - key: uid
                            value:
                              stringValue: "12345"
                          - key: resourceVersion
                            value:
                              stringValue: "12345"
                          - key: creationTimestamp
                            value:
                              stringValue: "2000-01-01T00:00:00Z"
                          - key: labels
                            value:
                              kvlistValue:
                                values:
                                  - key: kubernetes.io/metadata.name
                                    value:
                                      stringValue: kube-system
                          - key: managedFields
                            value:
                              arrayValue:
                                values:
                                  - kvlistValue:
                                      values:
                                        - key: time
                                          value:
                                            stringValue: "2000-01-01T00:00:00Z"
                                        - key: fieldsType
                                          value:
                                            stringValue: FieldsV1
                                        - key: fieldsV1
                                          value:
                                            kvlistValue:
                                              values:
                                                - key: f:metadata
                                                  value:
                                                    kvlistValue:
                                                      values:
                                                        - key: f:labels
                                                          value:
                                                            kvlistValue:
                                                              values:
                                                                - key: .
                                                                  value:
                                                                    kvlistValue: {}
                                                                - key: f:kubernetes.io/metadata.name
                                                                  value:
                                                                    kvlistValue: {}
                                        - key: manager
                                          value:
                                            stringValue: ""
                                        - key: operation
                                          value:
                                            stringValue: Update
                                        - key: apiVersion
                                          value:
                                            stringValue: v1
                          - key: name
                            value:
                              stringValue: kube-system
                  - key: spec
                    value:
                      kvlistValue:
                        values:
                          - key: finalizers
                            value:
                              arrayValue:
                                values:
                                  - stringValue: kubernetes
                  - key: status
                    value:
                      kvlistValue:
                        values:
                          - key: phase
                            value:
                              stringValue: Active
                  - key: kind
                    value:
                      stringValue: Namespace
            observedTimeUnixNano: "1731933830384334229"
            spanId: ""
            traceId: ""
          - attributes:
              - key: k8s.resource.name
                value:
                  stringValue: namespaces
              - key: k8s.namespace.name
                value:
                  stringValue: local-path-storage
            body:
              kvlistValue:
                values:
                  - key: metadata
                    value:
                      kvlistValue:
                        values:
                          - key: name
                            value:
                              stringValue: local-path-storage
                          - key: uid
                            value:
                              stringValue: "12345"
                          - key: resourceVersion
                            value:
                              stringValue: "12345"
                          - key: creationTimestamp
                            value:
                              stringValue: "2000-01-01T00:00:00Z"
                          - key: labels
                            value:
                              kvlistValue:
                                values:
                                  - key: kubernetes.io/metadata.name
                                    value:
                                      stringValue: local-path-storage
                          - key: annotations
                            value:
                              kvlistValue:
                                values:
                                  - key: kubectl.kubernetes.io/last-applied-configuration
                                    value:
                                      stringValue: |
                                        {"apiVersion":"v1","kind":"Namespace","metadata":{"annotations":{},"name":"local-path-storage"}}
                          - key: managedFields
                            value:
                              arrayValue:
                                values:
                                  - kvlistValue:
                                      values:
                                        - key: manager
                                          value:
                                            stringValue: ""
                                        - key: operation
                                          value:
                                            stringValue: Update
                                        - key: apiVersion
                                          value:
                                            stringValue: v1
                                        - key: time
                                          value:
                                            stringValue: "2000-01-01T00:00:00Z"
                                        - key: fieldsType
                                          value:
                                            stringValue: FieldsV1
                                        - key: fieldsV1
                                          value:
                                            kvlistValue:
                                              values:
                                                - key: f:metadata
                                                  value:
                                                    kvlistValue:
                                                      values:
                                                        - key: f:annotations
                                                          value:
                                                            kvlistValue:
                                                              values:
                                                                - key: f:kubectl.kubernetes.io/last-applied-configuration
                                                                  value:
                                                                    kvlistValue: {}
                                                                - key: .
                                                                  value:
                                                                    kvlistValue: {}
                                                        - key: f:labels
                                                          value:
                                                            kvlistValue:
                                                              values:
                                                                - key: .
                                                                  value:
                                                                    kvlistValue: {}
                                                                - key: f:kubernetes.io/metadata.name
                                                                  value:
                                                                    kvlistValue: {}
                  - key: spec
                    value:
                      kvlistValue:
                        values:
                          - key: finalizers
                            value:
                              arrayValue:
                                values:
                                  - stringValue: kubernetes
                  - key: status
                    value:
                      kvlistValue:
                        values:
                          - key: phase
                            value:
                              stringValue: Active
                  - key: kind
                    value:
                      stringValue: Namespace
                  - key: apiVersion
                    value:
                      stringValue: v1
            observedTimeUnixNano: "1731933830384334229"
            spanId: ""
            traceId: ""
        scope: {}
