resourceLogs:
  - resource:
      attributes:
        - key: k8s.namespace.name
          value:
            stringValue: default
    scopeLogs:
      - logRecords:
          - attributes:
              - key: k8s.resource.name
                value:
                  stringValue: events
              - key: event.domain
                value:
                  stringValue: k8s
              - key: event.name
                value:
                  stringValue: test-k8sobjects-receiver
              - key: event.type
                value:
                  stringValue: ADDED
            body:
              kvlistValue:
                values:
                  - key: regarding
                    value:
                      kvlistValue:
                        values:
                          - key: kind
                            value:
                              stringValue: customresource
                          - key: namespace
                            value:
                              stringValue: default
                          - key: name
                            value:
                              stringValue: test-k8sobjects-receiver
                          - key: uid
                            value:
                              stringValue: fb799e35-7187-4a02-a07d-0f1fa4153b99
                  - key: note
                    value:
                      stringValue: test event of type warning
                  - key: deprecatedSource
                    value:
                      kvlistValue: {}
                  - key: deprecatedLastTimestamp
                    value: {}
                  - key: reportingController
                    value:
                      stringValue: e2etest
                  - key: reportingInstance
                    value:
                      stringValue: k8sobjectsreceiver
                  - key: reason
                    value:
                      stringValue: TestEvent
                  - key: type
                    value:
                      stringValue: Warning
                  - key: apiVersion
                    value:
                      stringValue: events.k8s.io/v1
                  - key: metadata
                    value:
                      kvlistValue:
                        values:
                          - key: uid
                            value:
                              stringValue: "12345"
                          - key: resourceVersion
                            value:
                              stringValue: "12345"
                          - key: creationTimestamp
                            value:
                              stringValue: "2000-01-01T00:00:00Z"
                          - key: managedFields
                            value:
                              arrayValue:
                                values:
                                  - kvlistValue:
                                      values:
                                        - key: manager
                                          value:
                                            stringValue: ___TestE2E_watch_events_in_github_com_open_telemetry_opentelemetry_collector_contrib_receiver_k8sobjectsreceiver.test
                                        - key: operation
                                          value:
                                            stringValue: Update
                                        - key: apiVersion
                                          value:
                                            stringValue: events.k8s.io/v1
                                        - key: time
                                          value:
                                            stringValue: "2000-01-01T00:00:00Z"
                                        - key: fieldsType
                                          value:
                                            stringValue: FieldsV1
                                        - key: fieldsV1
                                          value:
                                            kvlistValue:
                                              values:
                                                - key: f:regarding
                                                  value:
                                                    kvlistValue: {}
                                                - key: f:reportingController
                                                  value:
                                                    kvlistValue: {}
                                                - key: f:reportingInstance
                                                  value:
                                                    kvlistValue: {}
                                                - key: f:type
                                                  value:
                                                    kvlistValue: {}
                                                - key: f:action
                                                  value:
                                                    kvlistValue: {}
                                                - key: f:eventTime
                                                  value:
                                                    kvlistValue: {}
                                                - key: f:note
                                                  value:
                                                    kvlistValue: {}
                                                - key: f:reason
                                                  value:
                                                    kvlistValue: {}
                          - key: name
                            value:
                              stringValue: test-k8sobjects-receiver
                          - key: namespace
                            value:
                              stringValue: default
                  - key: eventTime
                    value:
                      stringValue: "2023-01-01T00:00:00.000000Z"
                  - key: action
                    value:
                      stringValue: test
                  - key: deprecatedFirstTimestamp
                    value: {}
                  - key: kind
                    value:
                      stringValue: Event
            observedTimeUnixNano: "1731921977429402826"
            spanId: ""
            traceId: ""
        scope: {}
