resourceLogs:
  - resource:
      attributes:
        - key: k8s.namespace.name
          value:
            stringValue: default
    scopeLogs:
      - logRecords:
          - attributes:
              - key: k8s.resource.name
                value:
                  stringValue: events
              - key: event.domain
                value:
                  stringValue: k8s
              - key: event.name
                value:
                  stringValue: test-k8sobjects-receiver-events-core
              - key: event.type
                value:
                  stringValue: DELETED
            body:
              kvlistValue:
                values:
                  - key: type
                    value:
                      stringValue: Warning
                  - key: reportingComponent
                    value:
                      stringValue: e2etest-events-core
                  - key: metadata
                    value:
                      kvlistValue:
                        values:
                          - key: name
                            value:
                              stringValue: test-k8sobjects-receiver-events-core
                          - key: namespace
                            value:
                              stringValue: default
                          - key: uid
                            value:
                              stringValue: "12345"
                          - key: resourceVersion
                            value:
                              stringValue: "12345"
                          - key: creationTimestamp
                            value:
                              stringValue: "2000-01-01T00:00:00Z"
                          - key: managedFields
                            value:
                              arrayValue:
                                values:
                                  - kvlistValue:
                                      values:
                                        - key: operation
                                          value:
                                            stringValue: Update
                                        - key: apiVersion
                                          value:
                                            stringValue: events.k8s.io/v1
                                        - key: time
                                          value:
                                            stringValue: "2000-01-01T00:00:00Z"
                                        - key: fieldsType
                                          value:
                                            stringValue: FieldsV1
                                        - key: fieldsV1
                                          value:
                                            kvlistValue:
                                              values:
                                                - key: f:type
                                                  value:
                                                    kvlistValue: {}
                                                - key: f:action
                                                  value:
                                                    kvlistValue: {}
                                                - key: f:eventTime
                                                  value:
                                                    kvlistValue: {}
                                                - key: f:note
                                                  value:
                                                    kvlistValue: {}
                                                - key: f:reason
                                                  value:
                                                    kvlistValue: {}
                                                - key: f:regarding
                                                  value:
                                                    kvlistValue: {}
                                                - key: f:reportingController
                                                  value:
                                                    kvlistValue: {}
                                                - key: f:reportingInstance
                                                  value:
                                                    kvlistValue: {}
                                        - key: manager
                                          value:
                                            stringValue: ___TestE2E_watch_events_in_core_v1_version_in_github_com_open_telemetry_opentelemetry_collector_contrib_receiver_k8sobjectsrecei
                  - key: reason
                    value:
                      stringValue: TestEvent
                  - key: firstTimestamp
                    value: {}
                  - key: action
                    value:
                      stringValue: test
                  - key: reportingInstance
                    value:
                      stringValue: k8sobjectsreceiver
                  - key: apiVersion
                    value:
                      stringValue: v1
                  - key: source
                    value:
                      kvlistValue: {}
                  - key: eventTime
                    value:
                      stringValue: "2023-01-01T00:00:00.000000Z"
                  - key: lastTimestamp
                    value: {}
                  - key: kind
                    value:
                      stringValue: Event
                  - key: involvedObject
                    value:
                      kvlistValue:
                        values:
                          - key: kind
                            value:
                              stringValue: customresource
                          - key: namespace
                            value:
                              stringValue: default
                          - key: name
                            value:
                              stringValue: test-k8sobjects-receiver-events-core
                          - key: uid
                            value:
                              stringValue: 035355e1-07a3-4e86-95d0-d7a2bec7d6f0
                  - key: message
                    value:
                      stringValue: test event of type warning
            observedTimeUnixNano: "1731922149787488558"
            spanId: ""
            traceId: ""
        scope: {}
